mmMapData :0 {
    NumStreets 450
    Street [
        "Street0"
        "Street2"
        "Street4"
        "Street6"
        "Street8"
        "Street10"
        "Street12"
        "Street14"
        "Street16"
        "Street18"
        "Street20"
        "Street22"
        "Street24"
        "Street26"
        "Street28"
        "Street30"
        "Street32"
        "Street34"
        "Street36"
        "Street38"
        "Street40"
        "Street42"
        "Street44"
        "Street46"
        "Street48"
        "Street50"
        "Street52"
        "Street54"
        "Street56"
        "Street58"
        "Street60"
        "Street62"
        "Street64"
        "Street66"
        "Street68"
        "Street70"
        "Street72"
        "Street74"
        "Street76"
        "Street78"
        "Street80"
        "Street82"
        "Street84"
        "Street86"
        "Street88"
        "Street90"
        "Street92"
        "Street94"
        "Street96"
        "Street98"
        "Street100"
        "Street102"
        "Street104"
        "Street106"
        "Street108"
        "Street110"
        "Street112"
        "Street114"
        "Street116"
        "Street118"
        "Street120"
        "Street122"
        "Street124"
        "Street126"
        "Street128"
        "Street130"
        "Street132"
        "Street134"
        "Street136"
        "Street138"
        "Street140"
        "Street142"
        "Street144"
        "Street146"
        "Street148"
        "Street150"
        "Street152"
        "Street154"
        "Street156"
        "Street158"
        "Street160"
        "Street162"
        "Street164"
        "Street166"
        "Street168"
        "Street170"
        "Street172"
        "Street174"
        "Street176"
        "Street178"
        "Street180"
        "Street182"
        "Street184"
        "Street186"
        "Street188"
        "Street190"
        "Street192"
        "Street194"
        "Street196"
        "Street198"
        "Street200"
        "Street202"
        "Street204"
        "Street206"
        "Street208"
        "Street210"
        "Street212"
        "Street214"
        "Street216"
        "Street218"
        "Street220"
        "Street222"
        "Street224"
        "Street226"
        "Street228"
        "Street230"
        "Street232"
        "Street234"
        "Street236"
        "Street238"
        "Street240"
        "Street242"
        "Street244"
        "Street246"
        "Street248"
        "Street250"
        "Street252"
        "Street254"
        "Street256"
        "Street258"
        "Street260"
        "Street262"
        "Street264"
        "Street266"
        "Street268"
        "Street270"
        "Street272"
        "Street274"
        "Street276"
        "Street278"
        "Street280"
        "Street282"
        "Street284"
        "Street286"
        "Street288"
        "Street290"
        "Street292"
        "Street294"
        "Street296"
        "Street298"
        "Street300"
        "Street302"
        "Street304"
        "Street306"
        "Street308"
        "Street310"
        "Street312"
        "Street314"
        "Street316"
        "Street318"
        "Street320"
        "Street322"
        "Street324"
        "Street326"
        "Street328"
        "Street330"
        "Street332"
        "Street334"
        "Street336"
        "Street338"
        "Street340"
        "Street342"
        "Street344"
        "Street346"
        "Street348"
        "Street350"
        "Street352"
        "Street354"
        "Street356"
        "Street358"
        "Street360"
        "Street362"
        "Street364"
        "Street366"
        "Street368"
        "Street370"
        "Street372"
        "Street374"
        "Street376"
        "Street378"
        "Street380"
        "Street382"
        "Street384"
        "Street386"
        "Street388"
        "Street390"
        "Street392"
        "Street394"
        "Street396"
        "Street398"
        "Street400"
        "Street402"
        "Street404"
        "Street406"
        "Street408"
        "Street410"
        "Street412"
        "Street414"
        "Street416"
        "Street418"
        "Street420"
        "Street422"
        "Street424"
        "Street426"
        "Street428"
        "Street430"
        "Street432"
        "Street434"
        "Street436"
        "Street438"
        "Street440"
        "Street442"
        "Street444"
        "Street446"
        "Street448"
        "Street450"
        "Street452"
        "Street454"
        "Street456"
        "Street458"
        "Street460"
        "Street462"
        "Street464"
        "Street466"
        "Street468"
        "Street470"
        "Street472"
        "Street474"
        "Street476"
        "Street478"
        "Street480"
        "Street482"
        "Street484"
        "Street486"
        "Street488"
        "Street490"
        "Street492"
        "Street494"
        "Street496"
        "Street498"
        "Street500"
        "Street502"
        "Street504"
        "Street506"
        "Street508"
        "Street510"
        "Street512"
        "Street514"
        "Street516"
        "Street518"
        "Street520"
        "Street522"
        "Street524"
        "Street526"
        "Street528"
        "Street530"
        "Street532"
        "Street534"
        "Street536"
        "Street538"
        "Street540"
        "Street542"
        "Street544"
        "Street546"
        "Street548"
        "Street550"
        "Street552"
        "Street554"
        "Street556"
        "Street558"
        "Street560"
        "Street562"
        "Street564"
        "Street566"
        "Street568"
        "Street570"
        "Street572"
        "Street574"
        "Street576"
        "Street578"
        "Street580"
        "Street582"
        "Street584"
        "Street586"
        "Street588"
        "Street590"
        "Street592"
        "Street594"
        "Street596"
        "Street598"
        "Street600"
        "Street602"
        "Street604"
        "Street606"
        "Street608"
        "Street610"
        "Street612"
        "Street614"
        "Street616"
        "Street618"
        "Street620"
        "Street622"
        "Street624"
        "Street626"
        "Street628"
        "Street630"
        "Street632"
        "Street634"
        "Street636"
        "Street638"
        "Street640"
        "Street642"
        "Street644"
        "Street646"
        "Street648"
        "Street650"
        "Street652"
        "Street654"
        "Street656"
        "Street658"
        "Street660"
        "Street662"
        "Street664"
        "Street666"
        "Street668"
        "Street670"
        "Street672"
        "Street674"
        "Street676"
        "Street678"
        "Street680"
        "Street682"
        "Street684"
        "Street686"
        "Street688"
        "Street690"
        "Street692"
        "Street694"
        "Street696"
        "Street698"
        "Street700"
        "Street702"
        "Street704"
        "Street706"
        "Street708"
        "Street710"
        "Street712"
        "Street714"
        "Street716"
        "Street718"
        "Street720"
        "Street722"
        "Street724"
        "Street726"
        "Street728"
        "Street730"
        "Street732"
        "Street734"
        "Street736"
        "Street738"
        "Street740"
        "Street742"
        "Street744"
        "Street746"
        "Street748"
        "Street750"
        "Street752"
        "Street754"
        "Street756"
        "Street758"
        "Street760"
        "Street762"
        "Street764"
        "Street766"
        "Street768"
        "Street770"
        "Street772"
        "Street774"
        "Street776"
        "Street778"
        "Street780"
        "Street782"
        "Street784"
        "Street786"
        "Street788"
        "Street790"
        "Street792"
        "Street794"
        "Street796"
        "Street798"
        "Street800"
        "Street802"
        "Street804"
        "Street806"
        "Street808"
        "Street810"
        "Street812"
        "Street814"
        "Street816"
        "Street818"
        "Street820"
        "Street822"
        "Street824"
        "Street826"
        "Street828"
        "Street830"
        "Street832"
        "Street834"
        "Street836"
        "Street838"
        "Street840"
        "Street842"
        "Street844"
        "Street846"
        "Street848"
        "Street850"
        "Street852"
        "Street854"
        "Street856"
        "Street858"
        "Street860"
        "Street862"
        "Street864"
        "Street866"
        "Street868"
        "Street870"
        "Street872"
        "Street874"
        "Street876"
        "Street878"
        "Street880"
        "Street882"
        "Street884"
        "Street886"
        "Street888"
        "Street890"
        "Street892"
        "Street894"
        "Street896"
        "Street898"
    ]
}
