mmMapData :0 {
    NumStreets 450
    Street [
        "Street0"
        "Street1"
        "Street2"
        "Street3"
        "Street4"
        "Street5"
        "Street6"
        "Street7"
        "Street8"
        "Street9"
        "Street10"
        "Street11"
        "Street12"
        "Street13"
        "Street14"
        "Street15"
        "Street16"
        "Street17"
        "Street18"
        "Street19"
        "Street20"
        "Street21"
        "Street22"
        "Street23"
        "Street24"
        "Street25"
        "Street26"
        "Street27"
        "Street28"
        "Street29"
        "Street30"
        "Street31"
        "Street32"
        "Street33"
        "Street34"
        "Street35"
        "Street36"
        "Street37"
        "Street38"
        "Street39"
        "Street40"
        "Street41"
        "Street42"
        "Street43"
        "Street44"
        "Street45"
        "Street46"
        "Street47"
        "Street48"
        "Street49"
        "Street50"
        "Street51"
        "Street52"
        "Street53"
        "Street54"
        "Street55"
        "Street56"
        "Street57"
        "Street58"
        "Street59"
        "Street60"
        "Street61"
        "Street62"
        "Street63"
        "Street64"
        "Street65"
        "Street66"
        "Street67"
        "Street68"
        "Street69"
        "Street70"
        "Street71"
        "Street72"
        "Street73"
        "Street74"
        "Street75"
        "Street76"
        "Street77"
        "Street78"
        "Street79"
        "Street80"
        "Street81"
        "Street82"
        "Street83"
        "Street84"
        "Street85"
        "Street86"
        "Street87"
        "Street88"
        "Street89"
        "Street90"
        "Street91"
        "Street92"
        "Street93"
        "Street94"
        "Street95"
        "Street96"
        "Street97"
        "Street98"
        "Street99"
        "Street100"
        "Street101"
        "Street102"
        "Street103"
        "Street104"
        "Street105"
        "Street106"
        "Street107"
        "Street108"
        "Street109"
        "Street110"
        "Street111"
        "Street112"
        "Street113"
        "Street114"
        "Street115"
        "Street116"
        "Street117"
        "Street118"
        "Street119"
        "Street120"
        "Street121"
        "Street122"
        "Street123"
        "Street124"
        "Street125"
        "Street126"
        "Street127"
        "Street128"
        "Street129"
        "Street130"
        "Street131"
        "Street132"
        "Street133"
        "Street134"
        "Street135"
        "Street136"
        "Street137"
        "Street138"
        "Street139"
        "Street140"
        "Street141"
        "Street142"
        "Street143"
        "Street144"
        "Street145"
        "Street146"
        "Street147"
        "Street148"
        "Street149"
        "Street150"
        "Street151"
        "Street152"
        "Street153"
        "Street154"
        "Street155"
        "Street156"
        "Street157"
        "Street158"
        "Street159"
        "Street160"
        "Street161"
        "Street162"
        "Street163"
        "Street164"
        "Street165"
        "Street166"
        "Street167"
        "Street168"
        "Street169"
        "Street170"
        "Street171"
        "Street172"
        "Street173"
        "Street174"
        "Street175"
        "Street176"
        "Street177"
        "Street178"
        "Street179"
        "Street180"
        "Street181"
        "Street182"
        "Street183"
        "Street184"
        "Street185"
        "Street186"
        "Street187"
        "Street188"
        "Street189"
        "Street190"
        "Street191"
        "Street192"
        "Street193"
        "Street194"
        "Street195"
        "Street196"
        "Street197"
        "Street198"
        "Street199"
        "Street200"
        "Street201"
        "Street202"
        "Street203"
        "Street204"
        "Street205"
        "Street206"
        "Street207"
        "Street208"
        "Street209"
        "Street210"
        "Street211"
        "Street212"
        "Street213"
        "Street214"
        "Street215"
        "Street216"
        "Street217"
        "Street218"
        "Street219"
        "Street220"
        "Street221"
        "Street222"
        "Street223"
        "Street224"
        "Street225"
        "Street226"
        "Street227"
        "Street228"
        "Street229"
        "Street230"
        "Street231"
        "Street232"
        "Street233"
        "Street234"
        "Street235"
        "Street236"
        "Street237"
        "Street238"
        "Street239"
        "Street240"
        "Street241"
        "Street242"
        "Street243"
        "Street244"
        "Street245"
        "Street246"
        "Street247"
        "Street248"
        "Street249"
        "Street250"
        "Street251"
        "Street252"
        "Street253"
        "Street254"
        "Street255"
        "Street256"
        "Street257"
        "Street258"
        "Street259"
        "Street260"
        "Street261"
        "Street262"
        "Street263"
        "Street264"
        "Street265"
        "Street266"
        "Street267"
        "Street268"
        "Street269"
        "Street270"
        "Street271"
        "Street272"
        "Street273"
        "Street274"
        "Street275"
        "Street276"
        "Street277"
        "Street278"
        "Street279"
        "Street280"
        "Street281"
        "Street282"
        "Street283"
        "Street284"
        "Street285"
        "Street286"
        "Street287"
        "Street288"
        "Street289"
        "Street290"
        "Street291"
        "Street292"
        "Street293"
        "Street294"
        "Street295"
        "Street296"
        "Street297"
        "Street298"
        "Street299"
        "Street300"
        "Street301"
        "Street302"
        "Street303"
        "Street304"
        "Street305"
        "Street306"
        "Street307"
        "Street308"
        "Street309"
        "Street310"
        "Street311"
        "Street312"
        "Street313"
        "Street314"
        "Street315"
        "Street316"
        "Street317"
        "Street318"
        "Street319"
        "Street320"
        "Street321"
        "Street322"
        "Street323"
        "Street324"
        "Street325"
        "Street326"
        "Street327"
        "Street328"
        "Street329"
        "Street330"
        "Street331"
        "Street332"
        "Street333"
        "Street334"
        "Street335"
        "Street336"
        "Street337"
        "Street338"
        "Street339"
        "Street340"
        "Street341"
        "Street342"
        "Street343"
        "Street344"
        "Street345"
        "Street346"
        "Street347"
        "Street348"
        "Street349"
        "Street350"
        "Street351"
        "Street352"
        "Street353"
        "Street354"
        "Street355"
        "Street356"
        "Street357"
        "Street358"
        "Street359"
        "Street360"
        "Street361"
        "Street362"
        "Street363"
        "Street364"
        "Street365"
        "Street366"
        "Street367"
        "Street368"
        "Street369"
        "Street370"
        "Street371"
        "Street372"
        "Street373"
        "Street374"
        "Street375"
        "Street376"
        "Street377"
        "Street378"
        "Street379"
        "Street380"
        "Street381"
        "Street382"
        "Street383"
        "Street384"
        "Street385"
        "Street386"
        "Street387"
        "Street388"
        "Street389"
        "Street390"
        "Street391"
        "Street392"
        "Street393"
        "Street394"
        "Street395"
        "Street396"
        "Street397"
        "Street398"
        "Street399"
        "Street400"
        "Street401"
        "Street402"
        "Street403"
        "Street404"
        "Street405"
        "Street406"
        "Street407"
        "Street408"
        "Street409"
        "Street410"
        "Street411"
        "Street412"
        "Street413"
        "Street414"
        "Street415"
        "Street416"
        "Street417"
        "Street418"
        "Street419"
        "Street420"
        "Street421"
        "Street422"
        "Street423"
        "Street424"
        "Street425"
        "Street426"
        "Street427"
        "Street428"
        "Street429"
        "Street430"
        "Street431"
        "Street432"
        "Street433"
        "Street434"
        "Street435"
        "Street436"
        "Street437"
        "Street438"
        "Street439"
        "Street440"
        "Street441"
        "Street442"
        "Street443"
        "Street444"
        "Street445"
        "Street446"
        "Street447"
        "Street448"
        "Street449"
    ]
}
